// Jest Snapshot v1, https://goo.gl/fbAQLP

exports[`<Empty> component should render without crushing 1`] = `
ShallowWrapper {
  Symbol(enzyme.__root__): [Circular],
  Symbol(enzyme.__unrendered__): <Empty
    icon="hourglass_empty"
    message="No Items"
  />,
  Symbol(enzyme.__renderer__): Object {
    "batchedUpdates": [Function],
    "getNode": [Function],
    "render": [Function],
    "simulateError": [Function],
    "simulateEvent": [Function],
    "unmount": [Function],
  },
  Symbol(enzyme.__node__): Object {
    "instance": null,
    "key": undefined,
    "nodeType": "host",
    "props": Object {
      "children": <div
        className="card-content"
      >
        <div
          className="row"
        >
          <div
            className="center col s12 m6 offset-m3"
          >
            <i
              className="material-icons icon grey-text"
            >
              hourglass_empty
            </i>
            <div
              className="message"
            >
              No Items
            </div>
          </div>
        </div>
      </div>,
      "className": "card empty",
    },
    "ref": null,
    "rendered": Object {
      "instance": null,
      "key": undefined,
      "nodeType": "host",
      "props": Object {
        "children": <div
          className="row"
        >
          <div
            className="center col s12 m6 offset-m3"
          >
            <i
              className="material-icons icon grey-text"
            >
              hourglass_empty
            </i>
            <div
              className="message"
            >
              No Items
            </div>
          </div>
        </div>,
        "className": "card-content",
      },
      "ref": null,
      "rendered": Object {
        "instance": null,
        "key": undefined,
        "nodeType": "host",
        "props": Object {
          "children": <div
            className="center col s12 m6 offset-m3"
          >
            <i
              className="material-icons icon grey-text"
            >
              hourglass_empty
            </i>
            <div
              className="message"
            >
              No Items
            </div>
          </div>,
          "className": "row",
        },
        "ref": null,
        "rendered": Object {
          "instance": null,
          "key": undefined,
          "nodeType": "host",
          "props": Object {
            "children": Array [
              <i
                className="material-icons icon grey-text"
              >
                hourglass_empty
              </i>,
              <div
                className="message"
              >
                No Items
              </div>,
            ],
            "className": "center col s12 m6 offset-m3",
          },
          "ref": null,
          "rendered": Array [
            Object {
              "instance": null,
              "key": undefined,
              "nodeType": "host",
              "props": Object {
                "children": "hourglass_empty",
                "className": "material-icons icon grey-text",
              },
              "ref": null,
              "rendered": "hourglass_empty",
              "type": "i",
            },
            Object {
              "instance": null,
              "key": undefined,
              "nodeType": "host",
              "props": Object {
                "children": "No Items",
                "className": "message",
              },
              "ref": null,
              "rendered": "No Items",
              "type": "div",
            },
          ],
          "type": "div",
        },
        "type": "div",
      },
      "type": "div",
    },
    "type": "div",
  },
  Symbol(enzyme.__nodes__): Array [
    Object {
      "instance": null,
      "key": undefined,
      "nodeType": "host",
      "props": Object {
        "children": <div
          className="card-content"
        >
          <div
            className="row"
          >
            <div
              className="center col s12 m6 offset-m3"
            >
              <i
                className="material-icons icon grey-text"
              >
                hourglass_empty
              </i>
              <div
                className="message"
              >
                No Items
              </div>
            </div>
          </div>
        </div>,
        "className": "card empty",
      },
      "ref": null,
      "rendered": Object {
        "instance": null,
        "key": undefined,
        "nodeType": "host",
        "props": Object {
          "children": <div
            className="row"
          >
            <div
              className="center col s12 m6 offset-m3"
            >
              <i
                className="material-icons icon grey-text"
              >
                hourglass_empty
              </i>
              <div
                className="message"
              >
                No Items
              </div>
            </div>
          </div>,
          "className": "card-content",
        },
        "ref": null,
        "rendered": Object {
          "instance": null,
          "key": undefined,
          "nodeType": "host",
          "props": Object {
            "children": <div
              className="center col s12 m6 offset-m3"
            >
              <i
                className="material-icons icon grey-text"
              >
                hourglass_empty
              </i>
              <div
                className="message"
              >
                No Items
              </div>
            </div>,
            "className": "row",
          },
          "ref": null,
          "rendered": Object {
            "instance": null,
            "key": undefined,
            "nodeType": "host",
            "props": Object {
              "children": Array [
                <i
                  className="material-icons icon grey-text"
                >
                  hourglass_empty
                </i>,
                <div
                  className="message"
                >
                  No Items
                </div>,
              ],
              "className": "center col s12 m6 offset-m3",
            },
            "ref": null,
            "rendered": Array [
              Object {
                "instance": null,
                "key": undefined,
                "nodeType": "host",
                "props": Object {
                  "children": "hourglass_empty",
                  "className": "material-icons icon grey-text",
                },
                "ref": null,
                "rendered": "hourglass_empty",
                "type": "i",
              },
              Object {
                "instance": null,
                "key": undefined,
                "nodeType": "host",
                "props": Object {
                  "children": "No Items",
                  "className": "message",
                },
                "ref": null,
                "rendered": "No Items",
                "type": "div",
              },
            ],
            "type": "div",
          },
          "type": "div",
        },
        "type": "div",
      },
      "type": "div",
    },
  ],
  Symbol(enzyme.__options__): Object {
    "adapter": ReactSixteenAdapter {
      "options": Object {
        "enableComponentDidUpdateOnSetState": true,
        "lifecycles": Object {
          "componentDidUpdate": Object {
            "onSetState": true,
          },
          "getDerivedStateFromProps": true,
          "getSnapshotBeforeUpdate": true,
          "setState": Object {
            "skipsComponentDidUpdateOnNullish": true,
          },
        },
      },
    },
  },
}
`;
