// Jest Snapshot v1, https://goo.gl/fbAQLP

exports[`the search container renders without crashing 1`] = `
ShallowWrapper {
  Symbol(enzyme.__root__): [Circular],
  Symbol(enzyme.__unrendered__): <Search
    fetchArticles={[MockFunction]}
  />,
  Symbol(enzyme.__renderer__): Object {
    "batchedUpdates": [Function],
    "getNode": [Function],
    "render": [Function],
    "simulateError": [Function],
    "simulateEvent": [Function],
    "unmount": [Function],
  },
  Symbol(enzyme.__node__): Object {
    "instance": null,
    "key": undefined,
    "nodeType": "host",
    "props": Object {
      "children": Array [
        <Connect(NavBar) />,
        <div
          className="container"
        >
          <div
            className="nav-wrapper"
          >
            <form>
              <div
                className="input-field"
              >
                <input
                  name="search"
                  onChange={[Function]}
                  placeholder="Search here"
                  required={true}
                  type="search"
                  value=""
                />
                <label
                  className="label-icon"
                  htmlFor="search"
                >
                  <i
                    className="material-icons"
                  >
                    search
                  </i>
                </label>
              </div>
            </form>
          </div>
        </div>,
        <div
          className="container"
        >
          <div
            className="row"
          >
            <Connect(ArticleListing)
              emptyMessage="We did not find any results"
              initialList={5}
              listName="search"
              url="articles/search_filter"
            />
          </div>
        </div>,
      ],
    },
    "ref": null,
    "rendered": Array [
      Object {
        "instance": null,
        "key": undefined,
        "nodeType": "class",
        "props": Object {},
        "ref": null,
        "rendered": null,
        "type": [Function],
      },
      Object {
        "instance": null,
        "key": undefined,
        "nodeType": "host",
        "props": Object {
          "children": <div
            className="nav-wrapper"
          >
            <form>
              <div
                className="input-field"
              >
                <input
                  name="search"
                  onChange={[Function]}
                  placeholder="Search here"
                  required={true}
                  type="search"
                  value=""
                />
                <label
                  className="label-icon"
                  htmlFor="search"
                >
                  <i
                    className="material-icons"
                  >
                    search
                  </i>
                </label>
              </div>
            </form>
          </div>,
          "className": "container",
        },
        "ref": null,
        "rendered": Object {
          "instance": null,
          "key": undefined,
          "nodeType": "host",
          "props": Object {
            "children": <form>
              <div
                className="input-field"
              >
                <input
                  name="search"
                  onChange={[Function]}
                  placeholder="Search here"
                  required={true}
                  type="search"
                  value=""
                />
                <label
                  className="label-icon"
                  htmlFor="search"
                >
                  <i
                    className="material-icons"
                  >
                    search
                  </i>
                </label>
              </div>
            </form>,
            "className": "nav-wrapper",
          },
          "ref": null,
          "rendered": Object {
            "instance": null,
            "key": undefined,
            "nodeType": "host",
            "props": Object {
              "children": <div
                className="input-field"
              >
                <input
                  name="search"
                  onChange={[Function]}
                  placeholder="Search here"
                  required={true}
                  type="search"
                  value=""
                />
                <label
                  className="label-icon"
                  htmlFor="search"
                >
                  <i
                    className="material-icons"
                  >
                    search
                  </i>
                </label>
              </div>,
            },
            "ref": null,
            "rendered": Object {
              "instance": null,
              "key": undefined,
              "nodeType": "host",
              "props": Object {
                "children": Array [
                  <input
                    name="search"
                    onChange={[Function]}
                    placeholder="Search here"
                    required={true}
                    type="search"
                    value=""
                  />,
                  <label
                    className="label-icon"
                    htmlFor="search"
                  >
                    <i
                      className="material-icons"
                    >
                      search
                    </i>
                  </label>,
                ],
                "className": "input-field",
              },
              "ref": null,
              "rendered": Array [
                Object {
                  "instance": null,
                  "key": undefined,
                  "nodeType": "host",
                  "props": Object {
                    "name": "search",
                    "onChange": [Function],
                    "placeholder": "Search here",
                    "required": true,
                    "type": "search",
                    "value": "",
                  },
                  "ref": null,
                  "rendered": null,
                  "type": "input",
                },
                Object {
                  "instance": null,
                  "key": undefined,
                  "nodeType": "host",
                  "props": Object {
                    "children": <i
                      className="material-icons"
                    >
                      search
                    </i>,
                    "className": "label-icon",
                    "htmlFor": "search",
                  },
                  "ref": null,
                  "rendered": Object {
                    "instance": null,
                    "key": undefined,
                    "nodeType": "host",
                    "props": Object {
                      "children": "search",
                      "className": "material-icons",
                    },
                    "ref": null,
                    "rendered": "search",
                    "type": "i",
                  },
                  "type": "label",
                },
              ],
              "type": "div",
            },
            "type": "form",
          },
          "type": "div",
        },
        "type": "div",
      },
      Object {
        "instance": null,
        "key": undefined,
        "nodeType": "host",
        "props": Object {
          "children": <div
            className="row"
          >
            <Connect(ArticleListing)
              emptyMessage="We did not find any results"
              initialList={5}
              listName="search"
              url="articles/search_filter"
            />
          </div>,
          "className": "container",
        },
        "ref": null,
        "rendered": Object {
          "instance": null,
          "key": undefined,
          "nodeType": "host",
          "props": Object {
            "children": <Connect(ArticleListing)
              emptyMessage="We did not find any results"
              initialList={5}
              listName="search"
              url="articles/search_filter"
            />,
            "className": "row",
          },
          "ref": null,
          "rendered": Object {
            "instance": null,
            "key": undefined,
            "nodeType": "class",
            "props": Object {
              "emptyMessage": "We did not find any results",
              "initialList": 5,
              "listName": "search",
              "url": "articles/search_filter",
            },
            "ref": [Function],
            "rendered": null,
            "type": [Function],
          },
          "type": "div",
        },
        "type": "div",
      },
    ],
    "type": "div",
  },
  Symbol(enzyme.__nodes__): Array [
    Object {
      "instance": null,
      "key": undefined,
      "nodeType": "host",
      "props": Object {
        "children": Array [
          <Connect(NavBar) />,
          <div
            className="container"
          >
            <div
              className="nav-wrapper"
            >
              <form>
                <div
                  className="input-field"
                >
                  <input
                    name="search"
                    onChange={[Function]}
                    placeholder="Search here"
                    required={true}
                    type="search"
                    value=""
                  />
                  <label
                    className="label-icon"
                    htmlFor="search"
                  >
                    <i
                      className="material-icons"
                    >
                      search
                    </i>
                  </label>
                </div>
              </form>
            </div>
          </div>,
          <div
            className="container"
          >
            <div
              className="row"
            >
              <Connect(ArticleListing)
                emptyMessage="We did not find any results"
                initialList={5}
                listName="search"
                url="articles/search_filter"
              />
            </div>
          </div>,
        ],
      },
      "ref": null,
      "rendered": Array [
        Object {
          "instance": null,
          "key": undefined,
          "nodeType": "class",
          "props": Object {},
          "ref": null,
          "rendered": null,
          "type": [Function],
        },
        Object {
          "instance": null,
          "key": undefined,
          "nodeType": "host",
          "props": Object {
            "children": <div
              className="nav-wrapper"
            >
              <form>
                <div
                  className="input-field"
                >
                  <input
                    name="search"
                    onChange={[Function]}
                    placeholder="Search here"
                    required={true}
                    type="search"
                    value=""
                  />
                  <label
                    className="label-icon"
                    htmlFor="search"
                  >
                    <i
                      className="material-icons"
                    >
                      search
                    </i>
                  </label>
                </div>
              </form>
            </div>,
            "className": "container",
          },
          "ref": null,
          "rendered": Object {
            "instance": null,
            "key": undefined,
            "nodeType": "host",
            "props": Object {
              "children": <form>
                <div
                  className="input-field"
                >
                  <input
                    name="search"
                    onChange={[Function]}
                    placeholder="Search here"
                    required={true}
                    type="search"
                    value=""
                  />
                  <label
                    className="label-icon"
                    htmlFor="search"
                  >
                    <i
                      className="material-icons"
                    >
                      search
                    </i>
                  </label>
                </div>
              </form>,
              "className": "nav-wrapper",
            },
            "ref": null,
            "rendered": Object {
              "instance": null,
              "key": undefined,
              "nodeType": "host",
              "props": Object {
                "children": <div
                  className="input-field"
                >
                  <input
                    name="search"
                    onChange={[Function]}
                    placeholder="Search here"
                    required={true}
                    type="search"
                    value=""
                  />
                  <label
                    className="label-icon"
                    htmlFor="search"
                  >
                    <i
                      className="material-icons"
                    >
                      search
                    </i>
                  </label>
                </div>,
              },
              "ref": null,
              "rendered": Object {
                "instance": null,
                "key": undefined,
                "nodeType": "host",
                "props": Object {
                  "children": Array [
                    <input
                      name="search"
                      onChange={[Function]}
                      placeholder="Search here"
                      required={true}
                      type="search"
                      value=""
                    />,
                    <label
                      className="label-icon"
                      htmlFor="search"
                    >
                      <i
                        className="material-icons"
                      >
                        search
                      </i>
                    </label>,
                  ],
                  "className": "input-field",
                },
                "ref": null,
                "rendered": Array [
                  Object {
                    "instance": null,
                    "key": undefined,
                    "nodeType": "host",
                    "props": Object {
                      "name": "search",
                      "onChange": [Function],
                      "placeholder": "Search here",
                      "required": true,
                      "type": "search",
                      "value": "",
                    },
                    "ref": null,
                    "rendered": null,
                    "type": "input",
                  },
                  Object {
                    "instance": null,
                    "key": undefined,
                    "nodeType": "host",
                    "props": Object {
                      "children": <i
                        className="material-icons"
                      >
                        search
                      </i>,
                      "className": "label-icon",
                      "htmlFor": "search",
                    },
                    "ref": null,
                    "rendered": Object {
                      "instance": null,
                      "key": undefined,
                      "nodeType": "host",
                      "props": Object {
                        "children": "search",
                        "className": "material-icons",
                      },
                      "ref": null,
                      "rendered": "search",
                      "type": "i",
                    },
                    "type": "label",
                  },
                ],
                "type": "div",
              },
              "type": "form",
            },
            "type": "div",
          },
          "type": "div",
        },
        Object {
          "instance": null,
          "key": undefined,
          "nodeType": "host",
          "props": Object {
            "children": <div
              className="row"
            >
              <Connect(ArticleListing)
                emptyMessage="We did not find any results"
                initialList={5}
                listName="search"
                url="articles/search_filter"
              />
            </div>,
            "className": "container",
          },
          "ref": null,
          "rendered": Object {
            "instance": null,
            "key": undefined,
            "nodeType": "host",
            "props": Object {
              "children": <Connect(ArticleListing)
                emptyMessage="We did not find any results"
                initialList={5}
                listName="search"
                url="articles/search_filter"
              />,
              "className": "row",
            },
            "ref": null,
            "rendered": Object {
              "instance": null,
              "key": undefined,
              "nodeType": "class",
              "props": Object {
                "emptyMessage": "We did not find any results",
                "initialList": 5,
                "listName": "search",
                "url": "articles/search_filter",
              },
              "ref": [Function],
              "rendered": null,
              "type": [Function],
            },
            "type": "div",
          },
          "type": "div",
        },
      ],
      "type": "div",
    },
  ],
  Symbol(enzyme.__options__): Object {
    "adapter": ReactSixteenAdapter {
      "options": Object {
        "enableComponentDidUpdateOnSetState": true,
        "lifecycles": Object {
          "componentDidUpdate": Object {
            "onSetState": true,
          },
          "getDerivedStateFromProps": true,
          "getSnapshotBeforeUpdate": true,
          "setState": Object {
            "skipsComponentDidUpdateOnNullish": true,
          },
        },
      },
    },
  },
}
`;
